============================= test session starts =============================
platform win32 -- Python 3.12.10, pytest-9.0.3, pluggy-1.6.0 -- C:\Users\joshu\AppData\Local\Programs\Python\Python312\python.exe
cachedir: .pytest_cache
rootdir: D:\VS\agent-enterprise
configfile: pytest.ini
plugins: anyio-4.13.0, cov-7.1.0
collecting ... collected 432 items

tests/test_contracts.py::TestSubagentReturnValidation::test_tier1_valid PASSED [  0%]
tests/test_contracts.py::TestSubagentReturnValidation::test_tier1_missing_summary PASSED [  0%]
tests/test_contracts.py::TestSubagentReturnValidation::test_tier1_blocked_requires_reason PASSED [  0%]
tests/test_contracts.py::TestSubagentReturnValidation::test_tier2_valid_brainstorm PASSED [  0%]
tests/test_contracts.py::TestSubagentReturnValidation::test_tier2_write_permit_violation PASSED [  1%]
tests/test_contracts.py::TestSubagentReturnValidation::test_tier3_valid_composition PASSED [  1%]
tests/test_contracts.py::TestSubagentReturnValidation::test_tier3_invalid_sprint_number PASSED [  1%]
tests/test_contracts.py::TestSubagentReturnValidation::test_invalid_json PASSED [  1%]
tests/test_contracts.py::TestSubagentReturnValidation::test_tier_mismatch PASSED [  2%]
tests/test_contracts.py::TestFSMTransitions::test_valid_transition_sequence PASSED [  2%]
tests/test_contracts.py::TestFSMTransitions::test_invalid_transition_blocked PASSED [  2%]
tests/test_contracts.py::TestFSMTransitions::test_terminal_state_no_transitions PASSED [  2%]
tests/test_doc_headings.py::test_no_pseudo_headings[README.md] PASSED    [  3%]
tests/test_doc_headings.py::test_no_pseudo_headings[AGENTS.md] PASSED    [  3%]
tests/test_doc_headings.py::test_no_pseudo_headings[CLAUDE.md] PASSED    [  3%]
tests/test_doc_headings.py::test_no_pseudo_headings[docs\\CONTEXT.md0] PASSED [  3%]
tests/test_doc_headings.py::test_no_pseudo_headings[CHANGELOG.md] PASSED [  3%]
tests/test_doc_headings.py::test_no_pseudo_headings[docs\\ANTI_FRAGILITY.md0] PASSED [  4%]
tests/test_doc_headings.py::test_no_pseudo_headings[SECURITY.md] PASSED  [  4%]
tests/test_doc_headings.py::test_no_pseudo_headings[docs\\ANTI_FRAGILITY.md1] PASSED [  4%]
tests/test_doc_headings.py::test_no_pseudo_headings[docs\\ARCHITECTURE.md] PASSED [  4%]
tests/test_doc_headings.py::test_no_pseudo_headings[docs\\BEST_PRACTICE_ALIGNMENT_JOURNAL.md] PASSED [  5%]
tests/test_doc_headings.py::test_no_pseudo_headings[docs\\CHECKPOINT_GUIDE.md] PASSED [  5%]
tests/test_doc_headings.py::test_no_pseudo_headings[docs\\CONTEXT.md1] PASSED [  5%]
tests/test_doc_headings.py::test_no_pseudo_headings[docs\\CONTRIBUTING.md] PASSED [  5%]
tests/test_doc_headings.py::test_no_pseudo_headings[docs\\CUSTOMIZATION.md] PASSED [  6%]
tests/test_doc_headings.py::test_no_pseudo_headings[docs\\DETERMINISM_GUIDE.md] PASSED [  6%]
tests/test_doc_headings.py::test_no_pseudo_headings[docs\\EXAMPLE_SKILL_OUTPUTS.md] PASSED [  6%]
tests/test_doc_headings.py::test_no_pseudo_headings[docs\\EXAMPLE_SPRINT_FLOW.md] PASSED [  6%]
tests/test_doc_headings.py::test_no_pseudo_headings[docs\\EXTENSION_GUIDE.md] PASSED [  6%]
tests/test_doc_headings.py::test_no_pseudo_headings[docs\\INSTRUCTION_INDEX.md] PASSED [  7%]
tests/test_doc_headings.py::test_no_pseudo_headings[docs\\MIGRATION_GUIDE.md] PASSED [  7%]
tests/test_doc_headings.py::test_no_pseudo_headings[docs\\NON_GOALS.md] PASSED [  7%]
tests/test_doc_headings.py::test_no_pseudo_headings[docs\\ONBOARDING.md] PASSED [  7%]
tests/test_doc_headings.py::test_no_pseudo_headings[docs\\PERSONAS.md] PASSED [  8%]
tests/test_doc_headings.py::test_no_pseudo_headings[docs\\QUICKSTART.md] PASSED [  8%]
tests/test_doc_headings.py::test_no_pseudo_headings[docs\\sandbox-architecture.md] PASSED [  8%]
tests/test_doc_headings.py::test_no_pseudo_headings[docs\\SANDBOX_GUIDE.md] PASSED [  8%]
tests/test_doc_headings.py::test_no_pseudo_headings[docs\\SKILL_AUTHORING_GUIDE.md] PASSED [  9%]
tests/test_doc_headings.py::test_no_pseudo_headings[docs\\SKILL_FLOW.md] PASSED [  9%]
tests/test_doc_headings.py::test_no_pseudo_headings[docs\\TROUBLESHOOTING.md] PASSED [  9%]
tests/test_doc_headings.py::test_at_least_one_doc_discovered PASSED      [  9%]
tests/test_frontmatter_validation.py::test_valid_skill_passes PASSED     [  9%]
tests/test_frontmatter_validation.py::test_skill_missing_id_fails_with_clear_message PASSED [ 10%]
tests/test_frontmatter_validation.py::test_kind_mismatch_is_reported PASSED [ 10%]
tests/test_frontmatter_validation.py::test_unknown_kind_value_fails PASSED [ 10%]
tests/test_frontmatter_validation.py::test_scope_alias_is_accepted_for_applies_to PASSED [ 10%]
tests/test_frontmatter_validation.py::test_missing_frontmatter_is_reported PASSED [ 11%]
tests/test_hash_chain.py::test_empty_starter_template_passes PASSED      [ 11%]
tests/test_hash_chain.py::test_genesis_only_valid PASSED                 [ 11%]
tests/test_hash_chain.py::test_valid_chain PASSED                        [ 11%]
tests/test_hash_chain.py::test_tampered_middle_row_detected PASSED       [ 12%]
tests/test_hash_chain.py::test_missing_genesis_detected PASSED           [ 12%]
tests/test_hash_chain.py::test_bad_sha_format_detected PASSED            [ 12%]
tests/test_hash_chain.py::test_main_exit_codes PASSED                    [ 12%]
tests/test_init.py::TestSecurityValidator::test_valid_command PASSED     [ 12%]
tests/test_init.py::TestSecurityValidator::test_unknown_command_warns PASSED [ 13%]
tests/test_init.py::TestSecurityValidator::test_dangerous_command_injection PASSED [ 13%]
tests/test_init.py::TestSecurityValidator::test_curl_pipe_to_shell PASSED [ 13%]
tests/test_init.py::TestSecurityValidator::test_path_traversal PASSED    [ 13%]
tests/test_init.py::TestSecurityValidator::test_relative_path_ok PASSED  [ 14%]
tests/test_init.py::TestSecurityValidator::test_detect_secrets PASSED    [ 14%]
tests/test_init.py::TestSecurityValidator::test_no_secrets_in_clean_config PASSED [ 14%]
tests/test_init.py::TestEditorTargetValidation::test_valid_targets PASSED [ 14%]
tests/test_init.py::TestEditorTargetValidation::test_invalid_target_rejected PASSED [ 15%]
tests/test_init.py::TestEditorTargetValidation::test_valid_target_accepted PASSED [ 15%]
tests/test_init.py::TestEditorTargetValidation::test_missing_editor_defaults_to_both PASSED [ 15%]
tests/test_init.py::TestFlatten::test_flat_dict PASSED                   [ 15%]
tests/test_init.py::TestFlatten::test_nested_dict PASSED                 [ 15%]
tests/test_init.py::TestFlatten::test_deep_nesting PASSED                [ 16%]
tests/test_init.py::TestFlatten::test_none_becomes_empty_string PASSED   [ 16%]
tests/test_init.py::TestFlatten::test_numeric_values_become_strings PASSED [ 16%]
tests/test_init.py::TestSubstitute::test_basic_substitution PASSED       [ 16%]
tests/test_init.py::TestSubstitute::test_multiple_tokens PASSED          [ 17%]
tests/test_init.py::TestSubstitute::test_unresolved_token_left_in_place PASSED [ 17%]
tests/test_init.py::TestSubstitute::test_whitespace_in_token_name PASSED [ 17%]
tests/test_init.py::TestSubstitute::test_no_tokens PASSED                [ 17%]
tests/test_init.py::TestTokenDetectorFalsePositives::test_github_actions_secrets_not_substituted PASSED [ 18%]
tests/test_init.py::TestTokenDetectorFalsePositives::test_github_actions_secrets_not_flagged PASSED [ 18%]
tests/test_init.py::TestTokenDetectorFalsePositives::test_backticked_known_token_resolves PASSED [ 18%]
tests/test_init.py::TestTokenDetectorFalsePositives::test_backticked_unknown_token_flagged PASSED [ 18%]
tests/test_init.py::TestTokenDetectorFalsePositives::test_escaped_token_preserved_by_substitute PASSED [ 18%]
tests/test_init.py::TestTokenDetectorFalsePositives::test_escaped_token_not_flagged PASSED [ 19%]
tests/test_init.py::TestTokenDetectorFalsePositives::test_strip_escapes_produces_clean_literal PASSED [ 19%]
tests/test_init.py::TestTokenDetectorFalsePositives::test_bare_unknown_token_still_flagged PASSED [ 19%]
tests/test_init.py::TestTokenDetectorFalsePositives::test_known_token_resolves_inside_and_outside_backticks PASSED [ 19%]
tests/test_init.py::TestTokenDetectorFalsePositives::test_escape_end_to_end PASSED [ 20%]
tests/test_init.py::TestTokenDetectorFalsePositives::test_strip_must_run_after_scan PASSED [ 20%]
tests/test_init.py::TestParseFrontmatter::test_valid_frontmatter PASSED  [ 20%]
tests/test_init.py::TestParseFrontmatter::test_no_frontmatter PASSED     [ 20%]
tests/test_init.py::TestParseFrontmatter::test_frontmatter_with_agent_block PASSED [ 21%]
tests/test_init.py::TestParseFrontmatter::test_malformed_yaml_returns_empty PASSED [ 21%]
tests/test_init.py::TestParseFrontmatter::test_missing_closing_fence PASSED [ 21%]
tests/test_init.py::TestExtractAgentBody::test_extracts_identity_and_constraints PASSED [ 21%]
tests/test_init.py::TestExtractAgentBody::test_drops_documents_you_own PASSED [ 21%]
tests/test_init.py::TestExtractAgentBody::test_drops_session_start PASSED [ 22%]
tests/test_init.py::TestExtractAgentBody::test_includes_skill_reference PASSED [ 22%]
tests/test_init.py::TestGenerateAgentMd::test_generates_valid_frontmatter PASSED [ 22%]
tests/test_init.py::TestGenerateAgentMd::test_description_includes_when_to_use PASSED [ 22%]
tests/test_init.py::TestGenerateAgentMd::test_description_truncated_at_1024 PASSED [ 23%]
tests/test_init.py::TestGenerateAgentMd::test_empty_agents_list_omitted PASSED [ 23%]
tests/test_init.py::TestGenerateAgentMd::test_agents_list_included_when_populated PASSED [ 23%]
tests/test_init.py::TestGenerateAgentMd::test_body_content_included PASSED [ 23%]
tests/test_init.py::TestGenerateAgents::test_generates_from_hand_crafted_body PASSED [ 24%]
tests/test_init.py::TestGenerateAgents::test_falls_back_to_extraction PASSED [ 24%]
tests/test_init.py::TestGenerateAgents::test_skips_skills_without_agent_metadata PASSED [ 24%]
tests/test_init.py::TestGenerateAgents::test_token_substitution_applied PASSED [ 24%]
tests/test_init.py::TestSuppressSkillInvocability::test_suppresses_user_invocable PASSED [ 25%]
tests/test_init.py::TestSuppressSkillInvocability::test_skips_already_false PASSED [ 25%]
tests/test_init.py::TestSuppressSkillInvocability::test_skips_missing_skill PASSED [ 25%]
tests/test_init.py::TestSuppressSkillInvocability::test_does_not_modify_source_skills PASSED [ 25%]
tests/test_init.py::TestEndToEndResolution::test_example_config_resolves_all_skills PASSED [ 25%]
tests/test_init.py::TestEndToEndResolution::test_resolved_onboarding_escape_is_clean_literal PASSED [ 26%]
tests/test_init.py::TestEndToEndResolution::test_all_13_agents_generated PASSED [ 26%]
tests/test_init.py::TestEndToEndResolution::test_agents_have_valid_frontmatter PASSED [ 26%]
tests/test_init.py::TestEndToEndResolution::test_agents_reference_skill PASSED [ 26%]
tests/test_init.py::TestEndToEndResolution::test_sprint_lead_has_security_in_agents PASSED [ 27%]
tests/test_init.py::TestEndToEndResolution::test_no_unresolved_tokens_except_known PASSED [ 27%]
tests/test_init.py::TestEndToEndResolution::test_body_files_exist_for_all_skills PASSED [ 27%]
tests/test_init.py::TestEndToEndResolution::test_agent_bodies_under_100_lines PASSED [ 27%]
tests/test_init.py::TestCompanionFileResolution::test_sprint_lead_companions_deployed PASSED [ 28%]
tests/test_init.py::TestCompanionFileResolution::test_companion_tokens_resolved PASSED [ 28%]
tests/test_init.py::TestCompanionFileResolution::test_skill_source_not_emitted_as_companion PASSED [ 28%]
tests/test_init.py::TestEditorTargetsExtended::test_cursor_is_valid_target PASSED [ 28%]
tests/test_init.py::TestEditorTargetsExtended::test_all_is_valid_target PASSED [ 28%]
tests/test_init.py::TestEditorTargetsExtended::test_cursor_target_passes_validator PASSED [ 29%]
tests/test_init.py::TestEditorTargetsExtended::test_all_target_passes_validator PASSED [ 29%]
tests/test_init.py::TestTransformFrontmatterForTarget::test_vscode_target_emits_applyTo_from_scope PASSED [ 29%]
tests/test_init.py::TestTransformFrontmatterForTarget::test_both_target_emits_applyTo_from_scope PASSED [ 29%]
tests/test_init.py::TestTransformFrontmatterForTarget::test_claude_code_target_emits_paths_from_scope PASSED [ 30%]
tests/test_init.py::TestTransformFrontmatterForTarget::test_all_target_emits_both_applyTo_and_paths PASSED [ 30%]
tests/test_init.py::TestTransformFrontmatterForTarget::test_scope_as_list_serializes_to_comma_for_vscode PASSED [ 30%]
tests/test_init.py::TestTransformFrontmatterForTarget::test_scope_as_list_preserves_list_for_claude_code PASSED [ 30%]
tests/test_init.py::TestTransformFrontmatterForTarget::test_no_scope_preserves_existing_applyTo PASSED [ 31%]
tests/test_init.py::TestTransformFrontmatterForTarget::test_other_fields_preserved PASSED [ 31%]
tests/test_init.py::TestEmitCursorMdc::test_emits_mdc_file_for_instruction PASSED [ 31%]
tests/test_init.py::TestEmitCursorMdc::test_alwaysApply_true_when_no_scope PASSED [ 31%]
tests/test_init.py::TestEmitCursorMdc::test_list_scope_joined_with_comma PASSED [ 31%]
tests/test_init.py::TestScopeAddedToTwoInstructions::test_at_least_two_instructions_have_scope PASSED [ 32%]
tests/test_init.py::TestSkillCrossReferencePaths::test_no_source_style_companion_refs_in_resolved PASSED [ 32%]
tests/test_init.py::TestFailOnUnresolved::test_missing_config_key_exits_nonzero PASSED [ 32%]
tests/test_init.py::TestFailOnUnresolved::test_clean_config_exits_zero PASSED [ 32%]
tests/test_init.py::TestDeployCopy::test_deploy_copies_instructions_to_target PASSED [ 33%]
tests/test_init.py::TestDeployCopy::test_deploy_copies_agents_to_target PASSED [ 33%]
tests/test_init.py::TestDeployCopy::test_deploy_copies_skill_bundles_to_target PASSED [ 33%]
tests/test_init.py::TestDeployCopy::test_deploy_fails_if_deployed_file_has_unresolved_token PASSED [ 33%]
tests/test_init.py::TestCheckTokensGuardrail::test_exits_0_when_github_tree_is_clean PASSED [ 34%]
tests/test_init.py::TestCheckTokensGuardrail::test_exits_1_when_unresolved_token_present PASSED [ 34%]
tests/test_init.py::TestCheckTokensGuardrail::test_reports_file_line_and_token PASSED [ 34%]
tests/test_init.py::TestCheckTokensGuardrail::test_escaped_literal_not_flagged PASSED [ 34%]
tests/test_init.py::TestCheckTokensGuardrail::test_github_actions_syntax_not_flagged PASSED [ 34%]
tests/test_init.py::TestCheckTokensGuardrail::test_missing_scan_dirs_exit_0 PASSED [ 35%]
tests/test_init.py::TestCheckTokensGuardrail::test_check_file_returns_line_numbers PASSED [ 35%]
tests/test_phase2.py::TestDatabaseLayer::test_database_initialization PASSED [ 35%]
tests/test_phase2.py::TestDatabaseLayer::test_add_ledger_item PASSED     [ 35%]
tests/test_phase2.py::TestDatabaseLayer::test_update_ledger_item PASSED  [ 36%]
tests/test_phase2.py::TestDatabaseLayer::test_transaction_rollback PASSED [ 36%]
tests/test_phase2.py::TestDatabaseLayer::test_foreign_key_constraint PASSED [ 36%]
tests/test_phase2.py::TestDatabaseLayer::test_get_open_ledger_items PASSED [ 36%]
tests/test_phase2.py::TestMigration::test_parse_ledger_markdown PASSED   [ 37%]
tests/test_phase2.py::TestMigration::test_import_from_markdown PASSED    [ 37%]
tests/test_phase2.py::TestCheckpoint::test_create_checkpoint PASSED      [ 37%]
tests/test_phase2.py::TestCheckpoint::test_restore_checkpoint PASSED     [ 37%]
tests/test_phase2.py::TestCheckpoint::test_list_checkpoints PASSED       [ 37%]
tests/test_phase2.py::TestWorkflowEngine::test_simple_workflow PASSED    [ 38%]
tests/test_phase2.py::TestWorkflowEngine::test_workflow_with_dependencies PASSED [ 38%]
tests/test_phase2.py::TestWorkflowEngine::test_workflow_with_retry PASSED [ 38%]
tests/test_phase2.py::TestWorkflowEngine::test_workflow_compensation PASSED [ 38%]
tests/test_phase2.py::TestDualWrite::test_add_item_dual_write PASSED     [ 39%]
tests/test_phase2.py::TestDualWrite::test_update_item_dual_write PASSED  [ 39%]
tests/test_phase2.py::TestDualWrite::test_disable_dual_write PASSED      [ 39%]
tests/test_phase3.py::TestCapabilities::test_file_read_capability PASSED [ 39%]
tests/test_phase3.py::TestCapabilities::test_file_write_capability PASSED [ 40%]
tests/test_phase3.py::TestCapabilities::test_network_capability PASSED   [ 40%]
tests/test_phase3.py::TestCapabilities::test_exec_capability PASSED      [ 40%]
tests/test_phase3.py::TestCapabilities::test_capability_enforcer_allow PASSED [ 40%]
tests/test_phase3.py::TestCapabilities::test_capability_enforcer_deny PASSED [ 40%]
tests/test_phase3.py::TestCapabilities::test_capability_presets PASSED   [ 41%]
tests/test_phase3.py::TestCapabilities::test_violation_tracking PASSED   [ 41%]
tests/test_phase3.py::TestSandboxManager::test_sandbox_creation SKIPPED  [ 41%]
tests/test_phase3.py::TestSandboxManager::test_sandbox_execution SKIPPED [ 41%]
tests/test_phase3.py::TestSandboxManager::test_sandbox_isolation SKIPPED [ 42%]
tests/test_phase3.py::TestSandboxManager::test_sandbox_resource_limits SKIPPED [ 42%]
tests/test_phase3.py::TestSandboxManager::test_sandbox_cleanup SKIPPED   [ 42%]
tests/test_phase3.py::TestSandboxCheckpoint::test_checkpoint_includes_sandbox_state SKIPPED [ 42%]
tests/test_phase3.py::TestSandboxCheckpoint::test_resume_from_checkpoint_with_sandboxes PASSED [ 43%]
tests/test_phase3.py::TestWorkflowWithSandbox::test_workflow_unsandboxed_task PASSED [ 43%]
tests/test_phase3.py::TestWorkflowWithSandbox::test_workflow_sandboxed_task SKIPPED [ 43%]
tests/test_phase3.py::TestWorkflowWithSandbox::test_sandboxed_task_with_retry PASSED [ 43%]
tests/test_phase4.py::TestLogicalTime::test_global_clock PASSED          [ 43%]
tests/test_phase4.py::TestLogicalTime::test_logical_clock_monotonic PASSED [ 44%]
tests/test_phase4.py::TestLogicalTime::test_logical_clock_update PASSED  [ 44%]
tests/test_phase4.py::TestLogicalTime::test_logical_event_logger PASSED  [ 44%]
tests/test_phase4.py::TestLogicalTime::test_logical_event_ordering PASSED [ 44%]
tests/test_phase4.py::TestPromptVersioning::test_different_prompts_different_hash PASSED [ 45%]
tests/test_phase4.py::TestPromptVersioning::test_has_changed PASSED      [ 45%]
tests/test_phase4.py::TestPromptVersioning::test_hash_prompt PASSED      [ 45%]
tests/test_phase4.py::TestPromptVersioning::test_identical_prompts_same_hash PASSED [ 45%]
tests/test_phase4.py::TestPromptVersioning::test_version_history PASSED  [ 46%]
tests/test_phase4.py::TestDeterministicComposition::test_composition_result_hash PASSED [ 46%]
tests/test_phase4.py::TestDeterministicComposition::test_composition_snapshot PASSED [ 46%]
tests/test_phase4.py::TestDeterministicComposition::test_content_hash_deterministic PASSED [ 46%]
tests/test_phase4.py::TestDeterministicComposition::test_sort_bugs_deterministic PASSED [ 46%]
tests/test_phase4.py::TestDeterministicComposition::test_sort_items_deterministic PASSED [ 47%]
tests/test_phase4.py::TestLLMConfiguration::test_config_manager PASSED   [ 47%]
tests/test_phase4.py::TestLLMConfiguration::test_config_presets PASSED   [ 47%]
tests/test_phase4.py::TestLLMConfiguration::test_config_validator_non_strict PASSED [ 47%]
tests/test_phase4.py::TestLLMConfiguration::test_config_validator_strict PASSED [ 48%]
tests/test_phase4.py::TestLLMConfiguration::test_deterministic_config_valid PASSED [ 48%]
tests/test_phase4.py::TestLLMConfiguration::test_non_deterministic_config_rejected PASSED [ 48%]
tests/test_phase4.py::TestReplayVerification::test_deterministic_execution_context PASSED [ 48%]
tests/test_phase4.py::TestReplayVerification::test_replay_verification_failure PASSED [ 49%]
tests/test_phase4.py::TestReplayVerification::test_replay_verification_success PASSED [ 49%]
tests/test_phase4.py::TestReplayVerification::test_trace_recording PASSED [ 49%]
tests/test_phase4.py::TestEndToEndDeterminism::test_complete_workflow PASSED [ 49%]
tests/test_protocol_v1_conformance.py::test_schema_is_valid_draft7[frontmatter-v1.schema.json] PASSED [ 50%]
tests/test_protocol_v1_conformance.py::test_schema_is_valid_draft7[callable-v1.schema.json] PASSED [ 50%]
tests/test_protocol_v1_conformance.py::test_schema_is_valid_draft7[project-v1.schema.json] PASSED [ 50%]
tests/test_protocol_v1_conformance.py::test_schema_is_valid_draft7[registry-v1.schema.json] PASSED [ 50%]
tests/test_protocol_v1_conformance.py::test_every_skill_satisfies_frontmatter_and_callable_v1[a11y.skill.md] PASSED [ 50%]
tests/test_protocol_v1_conformance.py::test_every_skill_satisfies_frontmatter_and_callable_v1[architect.skill.md] PASSED [ 51%]
tests/test_protocol_v1_conformance.py::test_every_skill_satisfies_frontmatter_and_callable_v1[bug.skill.md] PASSED [ 51%]
tests/test_protocol_v1_conformance.py::test_every_skill_satisfies_frontmatter_and_callable_v1[docs.skill.md] PASSED [ 51%]
tests/test_protocol_v1_conformance.py::test_every_skill_satisfies_frontmatter_and_callable_v1[onboarding.skill.md] PASSED [ 51%]
tests/test_protocol_v1_conformance.py::test_every_skill_satisfies_frontmatter_and_callable_v1[perf.skill.md] PASSED [ 52%]
tests/test_protocol_v1_conformance.py::test_every_skill_satisfies_frontmatter_and_callable_v1[planner.skill.md] PASSED [ 52%]
tests/test_protocol_v1_conformance.py::test_every_skill_satisfies_frontmatter_and_callable_v1[pm.skill.md] PASSED [ 52%]
tests/test_protocol_v1_conformance.py::test_every_skill_satisfies_frontmatter_and_callable_v1[qa.skill.md] PASSED [ 52%]
tests/test_protocol_v1_conformance.py::test_every_skill_satisfies_frontmatter_and_callable_v1[researcher.skill.md] PASSED [ 53%]
tests/test_protocol_v1_conformance.py::test_every_skill_satisfies_frontmatter_and_callable_v1[reviewer.skill.md] PASSED [ 53%]
tests/test_protocol_v1_conformance.py::test_every_skill_satisfies_frontmatter_and_callable_v1[security.skill.md] PASSED [ 53%]
tests/test_protocol_v1_conformance.py::test_every_skill_satisfies_frontmatter_and_callable_v1[sprint-lead.skill.md] PASSED [ 53%]
tests/test_protocol_v1_conformance.py::test_every_instruction_satisfies_frontmatter_v1[backlog-ledger.instructions.md] PASSED [ 53%]
tests/test_protocol_v1_conformance.py::test_every_instruction_satisfies_frontmatter_v1[bug-backlog-format.instructions.md] PASSED [ 54%]
tests/test_protocol_v1_conformance.py::test_every_instruction_satisfies_frontmatter_v1[composition-rules.instructions.md] PASSED [ 54%]
tests/test_protocol_v1_conformance.py::test_every_instruction_satisfies_frontmatter_v1[engagement-format.instructions.md] PASSED [ 54%]
tests/test_protocol_v1_conformance.py::test_every_instruction_satisfies_frontmatter_v1[engagement-gates.instructions.md] PASSED [ 54%]
tests/test_protocol_v1_conformance.py::test_every_instruction_satisfies_frontmatter_v1[handoff-rejection-format.instructions.md] PASSED [ 55%]
tests/test_protocol_v1_conformance.py::test_every_instruction_satisfies_frontmatter_v1[non-goals-governance.instructions.md] PASSED [ 55%]
tests/test_protocol_v1_conformance.py::test_every_instruction_satisfies_frontmatter_v1[planning-compliance.instructions.md] PASSED [ 55%]
tests/test_protocol_v1_conformance.py::test_every_instruction_satisfies_frontmatter_v1[planning-preflight.instructions.md] PASSED [ 55%]
tests/test_protocol_v1_conformance.py::test_every_instruction_satisfies_frontmatter_v1[retro-report.instructions.md] PASSED [ 56%]
tests/test_protocol_v1_conformance.py::test_every_instruction_satisfies_frontmatter_v1[security-audit.instructions.md] PASSED [ 56%]
tests/test_protocol_v1_conformance.py::test_every_instruction_satisfies_frontmatter_v1[severity-levels.instructions.md] PASSED [ 56%]
tests/test_protocol_v1_conformance.py::test_every_instruction_satisfies_frontmatter_v1[sprint-docs-format.instructions.md] PASSED [ 56%]
tests/test_protocol_v1_conformance.py::test_every_instruction_satisfies_frontmatter_v1[validation-framework.instructions.md] PASSED [ 56%]
tests/test_protocol_v1_conformance.py::test_every_instruction_satisfies_frontmatter_v1[askquestions-contract.instructions.md] PASSED [ 57%]
tests/test_protocol_v1_conformance.py::test_every_instruction_satisfies_frontmatter_v1[batch-report.instructions.md] PASSED [ 57%]
tests/test_protocol_v1_conformance.py::test_every_instruction_satisfies_frontmatter_v1[commit-conventions.instructions.md] PASSED [ 57%]
tests/test_protocol_v1_conformance.py::test_every_instruction_satisfies_frontmatter_v1[contract-change-checklist.instructions.md] PASSED [ 57%]
tests/test_protocol_v1_conformance.py::test_every_instruction_satisfies_frontmatter_v1[determinism-guarantees.instructions.md] PASSED [ 58%]
tests/test_protocol_v1_conformance.py::test_every_instruction_satisfies_frontmatter_v1[fsm-orchestration.instructions.md] PASSED [ 58%]
tests/test_protocol_v1_conformance.py::test_every_instruction_satisfies_frontmatter_v1[honesty-contract.instructions.md] PASSED [ 58%]
tests/test_protocol_v1_conformance.py::test_every_instruction_satisfies_frontmatter_v1[observability.instructions.md] PASSED [ 58%]
tests/test_protocol_v1_conformance.py::test_every_instruction_satisfies_frontmatter_v1[security-model.instructions.md] PASSED [ 59%]
tests/test_protocol_v1_conformance.py::test_every_instruction_satisfies_frontmatter_v1[state-management.instructions.md] PASSED [ 59%]
tests/test_protocol_v1_conformance.py::test_every_instruction_satisfies_frontmatter_v1[subagent-return-schemas.instructions.md] PASSED [ 59%]
tests/test_protocol_v1_conformance.py::test_every_agent_body_satisfies_frontmatter_v1[a11y.body.md] PASSED [ 59%]
tests/test_protocol_v1_conformance.py::test_every_agent_body_satisfies_frontmatter_v1[architect.body.md] PASSED [ 59%]
tests/test_protocol_v1_conformance.py::test_every_agent_body_satisfies_frontmatter_v1[bug.body.md] PASSED [ 60%]
tests/test_protocol_v1_conformance.py::test_every_agent_body_satisfies_frontmatter_v1[docs.body.md] PASSED [ 60%]
tests/test_protocol_v1_conformance.py::test_every_agent_body_satisfies_frontmatter_v1[onboarding.body.md] PASSED [ 60%]
tests/test_protocol_v1_conformance.py::test_every_agent_body_satisfies_frontmatter_v1[perf.body.md] PASSED [ 60%]
tests/test_protocol_v1_conformance.py::test_every_agent_body_satisfies_frontmatter_v1[planner.body.md] PASSED [ 61%]
tests/test_protocol_v1_conformance.py::test_every_agent_body_satisfies_frontmatter_v1[pm.body.md] PASSED [ 61%]
tests/test_protocol_v1_conformance.py::test_every_agent_body_satisfies_frontmatter_v1[qa.body.md] PASSED [ 61%]
tests/test_protocol_v1_conformance.py::test_every_agent_body_satisfies_frontmatter_v1[researcher.body.md] PASSED [ 61%]
tests/test_protocol_v1_conformance.py::test_every_agent_body_satisfies_frontmatter_v1[reviewer.body.md] PASSED [ 62%]
tests/test_protocol_v1_conformance.py::test_every_agent_body_satisfies_frontmatter_v1[security.body.md] PASSED [ 62%]
tests/test_protocol_v1_conformance.py::test_every_agent_body_satisfies_frontmatter_v1[sprint-lead.body.md] PASSED [ 62%]
tests/test_protocol_v1_conformance.py::test_fixture_project_validates PASSED [ 62%]
tests/test_protocol_v1_conformance.py::test_fixture_project_orchestration_requires_dispatcher PASSED [ 62%]
tests/test_protocol_v1_conformance.py::test_fixture_registry_validates PASSED [ 63%]
tests/test_protocol_v1_conformance.py::test_mode2_reference_impl_passes PASSED [ 63%]
tests/test_protocol_v1_conformance.py::test_mode3_reference_impl_passes PASSED [ 63%]
tests/test_scripts.py::test_canonical_config_not_flagged PASSED          [ 63%]
tests/test_scripts.py::test_private_config_flagged PASSED                [ 64%]
tests/test_scripts.py::test_init_without_config_not_flagged PASSED       [ 64%]
tests/test_scripts.py::test_violation_line_number_correct PASSED         [ 64%]
tests/test_scripts.py::test_check_tree_excludes_resolved PASSED          [ 64%]
tests/test_scripts.py::test_check_tree_excludes_sprints PASSED           [ 65%]
tests/test_scripts.py::test_check_tree_excludes_docs_archive PASSED      [ 65%]
tests/test_scripts.py::test_check_tree_detects_violation_outside_excluded_dirs PASSED [ 65%]
tests/test_scripts.py::test_check_tree_clean_when_no_violations PASSED   [ 65%]
tests/test_skill_description.py::test_description_under_char_cap[a11y] PASSED [ 65%]
tests/test_skill_description.py::test_description_under_char_cap[architect] PASSED [ 66%]
tests/test_skill_description.py::test_description_under_char_cap[bug] PASSED [ 66%]
tests/test_skill_description.py::test_description_under_char_cap[docs] PASSED [ 66%]
tests/test_skill_description.py::test_description_under_char_cap[onboarding] PASSED [ 66%]
tests/test_skill_description.py::test_description_under_char_cap[perf] PASSED [ 67%]
tests/test_skill_description.py::test_description_under_char_cap[planner] PASSED [ 67%]
tests/test_skill_description.py::test_description_under_char_cap[pm] PASSED [ 67%]
tests/test_skill_description.py::test_description_under_char_cap[qa] PASSED [ 67%]
tests/test_skill_description.py::test_description_under_char_cap[researcher] PASSED [ 68%]
tests/test_skill_description.py::test_description_under_char_cap[reviewer] PASSED [ 68%]
tests/test_skill_description.py::test_description_under_char_cap[security] PASSED [ 68%]
tests/test_skill_description.py::test_description_under_char_cap[sprint-lead] PASSED [ 68%]
tests/test_skill_description.py::test_description_starts_with_capital[a11y] PASSED [ 68%]
tests/test_skill_description.py::test_description_starts_with_capital[architect] PASSED [ 69%]
tests/test_skill_description.py::test_description_starts_with_capital[bug] PASSED [ 69%]
tests/test_skill_description.py::test_description_starts_with_capital[docs] PASSED [ 69%]
tests/test_skill_description.py::test_description_starts_with_capital[onboarding] PASSED [ 69%]
tests/test_skill_description.py::test_description_starts_with_capital[perf] PASSED [ 70%]
tests/test_skill_description.py::test_description_starts_with_capital[planner] PASSED [ 70%]
tests/test_skill_description.py::test_description_starts_with_capital[pm] PASSED [ 70%]
tests/test_skill_description.py::test_description_starts_with_capital[qa] PASSED [ 70%]
tests/test_skill_description.py::test_description_starts_with_capital[researcher] PASSED [ 71%]
tests/test_skill_description.py::test_description_starts_with_capital[reviewer] PASSED [ 71%]
tests/test_skill_description.py::test_description_starts_with_capital[security] PASSED [ 71%]
tests/test_skill_description.py::test_description_starts_with_capital[sprint-lead] PASSED [ 71%]
tests/test_skill_description.py::test_description_has_trigger_phrase[a11y] PASSED [ 71%]
tests/test_skill_description.py::test_description_has_trigger_phrase[architect] PASSED [ 72%]
tests/test_skill_description.py::test_description_has_trigger_phrase[bug] PASSED [ 72%]
tests/test_skill_description.py::test_description_has_trigger_phrase[docs] PASSED [ 72%]
tests/test_skill_description.py::test_description_has_trigger_phrase[onboarding] PASSED [ 72%]
tests/test_skill_description.py::test_description_has_trigger_phrase[perf] PASSED [ 73%]
tests/test_skill_description.py::test_description_has_trigger_phrase[planner] PASSED [ 73%]
tests/test_skill_description.py::test_description_has_trigger_phrase[pm] PASSED [ 73%]
tests/test_skill_description.py::test_description_has_trigger_phrase[qa] PASSED [ 73%]
tests/test_skill_description.py::test_description_has_trigger_phrase[researcher] PASSED [ 74%]
tests/test_skill_description.py::test_description_has_trigger_phrase[reviewer] PASSED [ 74%]
tests/test_skill_description.py::test_description_has_trigger_phrase[security] PASSED [ 74%]
tests/test_skill_description.py::test_description_has_trigger_phrase[sprint-lead] PASSED [ 74%]
tests/test_skill_description.py::test_description_does_not_start_with_skill_name[a11y] PASSED [ 75%]
tests/test_skill_description.py::test_description_does_not_start_with_skill_name[architect] PASSED [ 75%]
tests/test_skill_description.py::test_description_does_not_start_with_skill_name[bug] PASSED [ 75%]
tests/test_skill_description.py::test_description_does_not_start_with_skill_name[docs] PASSED [ 75%]
tests/test_skill_description.py::test_description_does_not_start_with_skill_name[onboarding] PASSED [ 75%]
tests/test_skill_description.py::test_description_does_not_start_with_skill_name[perf] PASSED [ 76%]
tests/test_skill_description.py::test_description_does_not_start_with_skill_name[planner] PASSED [ 76%]
tests/test_skill_description.py::test_description_does_not_start_with_skill_name[pm] PASSED [ 76%]
tests/test_skill_description.py::test_description_does_not_start_with_skill_name[qa] PASSED [ 76%]
tests/test_skill_description.py::test_description_does_not_start_with_skill_name[researcher] PASSED [ 77%]
tests/test_skill_description.py::test_description_does_not_start_with_skill_name[reviewer] PASSED [ 77%]
tests/test_skill_description.py::test_description_does_not_start_with_skill_name[security] PASSED [ 77%]
tests/test_skill_description.py::test_description_does_not_start_with_skill_name[sprint-lead] PASSED [ 77%]
tests/test_skill_length.py::test_skill_file_under_line_cap[a11y] PASSED  [ 78%]
tests/test_skill_length.py::test_skill_file_under_line_cap[architect] PASSED [ 78%]
tests/test_skill_length.py::test_skill_file_under_line_cap[bug] PASSED   [ 78%]
tests/test_skill_length.py::test_skill_file_under_line_cap[docs] PASSED  [ 78%]
tests/test_skill_length.py::test_skill_file_under_line_cap[onboarding] PASSED [ 78%]
tests/test_skill_length.py::test_skill_file_under_line_cap[perf] PASSED  [ 79%]
tests/test_skill_length.py::test_skill_file_under_line_cap[planner] PASSED [ 79%]
tests/test_skill_length.py::test_skill_file_under_line_cap[pm] PASSED    [ 79%]
tests/test_skill_length.py::test_skill_file_under_line_cap[qa] PASSED    [ 79%]
tests/test_skill_length.py::test_skill_file_under_line_cap[researcher] PASSED [ 80%]
tests/test_skill_length.py::test_skill_file_under_line_cap[reviewer] PASSED [ 80%]
tests/test_skill_length.py::test_skill_file_under_line_cap[security] PASSED [ 80%]
tests/test_skill_length.py::test_skill_file_under_line_cap[sprint-lead] PASSED [ 80%]
tests/test_skill_length.py::test_at_least_one_skill_discovered PASSED    [ 81%]
tests/test_sprint_lint.py::test_priority_order_violation PASSED          [ 81%]
tests/test_sprint_lint.py::test_priority_order_clean PASSED              [ 81%]
tests/test_sprint_lint.py::test_score_order_violation PASSED             [ 81%]
tests/test_sprint_lint.py::test_score_order_clean PASSED                 [ 81%]
tests/test_sprint_lint.py::test_feature_balance_too_low PASSED           [ 82%]
tests/test_sprint_lint.py::test_feature_balance_too_high PASSED          [ 82%]
tests/test_sprint_lint.py::test_feature_balance_clean PASSED             [ 82%]
tests/test_sprint_lint.py::test_capacity_exceeded PASSED                 [ 82%]
tests/test_sprint_lint.py::test_capacity_high_warning PASSED             [ 83%]
tests/test_sprint_lint.py::test_capacity_clean PASSED                    [ 83%]
tests/test_sprint_lint.py::test_bug_policy_violation PASSED              [ 83%]
tests/test_sprint_lint.py::test_bug_policy_clean PASSED                  [ 83%]
tests/test_sprint_lint.py::test_debt_pressure_violation PASSED           [ 84%]
tests/test_sprint_lint.py::test_debt_pressure_satisfied PASSED           [ 84%]
tests/test_sprint_lint.py::test_age_escalation_warning PASSED            [ 84%]
tests/test_sprint_lint.py::test_age_escalation_clean PASSED              [ 84%]
tests/test_sprint_lint.py::test_item_count_warning PASSED                [ 84%]
tests/test_sprint_lint.py::test_item_count_clean PASSED                  [ 85%]
tests/test_voice_compliance.py::test_no_all_caps_prohibitions[skills\\a11y\\a11y.skill.md] PASSED [ 85%]
tests/test_voice_compliance.py::test_no_all_caps_prohibitions[skills\\architect\\architect.skill.md] PASSED [ 85%]
tests/test_voice_compliance.py::test_no_all_caps_prohibitions[skills\\bug\\bug.skill.md] PASSED [ 85%]
tests/test_voice_compliance.py::test_no_all_caps_prohibitions[skills\\docs\\docs.skill.md] PASSED [ 86%]
tests/test_voice_compliance.py::test_no_all_caps_prohibitions[skills\\onboarding\\onboarding.skill.md] PASSED [ 86%]
tests/test_voice_compliance.py::test_no_all_caps_prohibitions[skills\\perf\\perf.skill.md] PASSED [ 86%]
tests/test_voice_compliance.py::test_no_all_caps_prohibitions[skills\\planner\\planner.skill.md] PASSED [ 86%]
tests/test_voice_compliance.py::test_no_all_caps_prohibitions[skills\\pm\\pm.skill.md] PASSED [ 87%]
tests/test_voice_compliance.py::test_no_all_caps_prohibitions[skills\\qa\\qa.skill.md] PASSED [ 87%]
tests/test_voice_compliance.py::test_no_all_caps_prohibitions[skills\\researcher\\researcher.skill.md] PASSED [ 87%]
tests/test_voice_compliance.py::test_no_all_caps_prohibitions[skills\\reviewer\\reviewer.skill.md] PASSED [ 87%]
tests/test_voice_compliance.py::test_no_all_caps_prohibitions[skills\\security\\security.skill.md] PASSED [ 87%]
tests/test_voice_compliance.py::test_no_all_caps_prohibitions[skills\\sprint-lead\\sprint-lead.skill.md] PASSED [ 88%]
tests/test_voice_compliance.py::test_no_all_caps_prohibitions[agents\\a11y.body.md] PASSED [ 88%]
tests/test_voice_compliance.py::test_no_all_caps_prohibitions[agents\\architect.body.md] PASSED [ 88%]
tests/test_voice_compliance.py::test_no_all_caps_prohibitions[agents\\bug.body.md] PASSED [ 88%]
tests/test_voice_compliance.py::test_no_all_caps_prohibitions[agents\\docs.body.md] PASSED [ 89%]
tests/test_voice_compliance.py::test_no_all_caps_prohibitions[agents\\onboarding.body.md] PASSED [ 89%]
tests/test_voice_compliance.py::test_no_all_caps_prohibitions[agents\\perf.body.md] PASSED [ 89%]
tests/test_voice_compliance.py::test_no_all_caps_prohibitions[agents\\planner.body.md] PASSED [ 89%]
tests/test_voice_compliance.py::test_no_all_caps_prohibitions[agents\\pm.body.md] PASSED [ 90%]
tests/test_voice_compliance.py::test_no_all_caps_prohibitions[agents\\qa.body.md] PASSED [ 90%]
tests/test_voice_compliance.py::test_no_all_caps_prohibitions[agents\\researcher.body.md] PASSED [ 90%]
tests/test_voice_compliance.py::test_no_all_caps_prohibitions[agents\\reviewer.body.md] PASSED [ 90%]
tests/test_voice_compliance.py::test_no_all_caps_prohibitions[agents\\security.body.md] PASSED [ 90%]
tests/test_voice_compliance.py::test_no_all_caps_prohibitions[agents\\sprint-lead.body.md] PASSED [ 91%]
tests/test_voice_compliance.py::test_no_all_caps_prohibitions[instructions\\configurable\\backlog-ledger.instructions.md] PASSED [ 91%]
tests/test_voice_compliance.py::test_no_all_caps_prohibitions[instructions\\configurable\\bug-backlog-format.instructions.md] PASSED [ 91%]
tests/test_voice_compliance.py::test_no_all_caps_prohibitions[instructions\\configurable\\composition-rules.instructions.md] PASSED [ 91%]
tests/test_voice_compliance.py::test_no_all_caps_prohibitions[instructions\\configurable\\engagement-format.instructions.md] PASSED [ 92%]
tests/test_voice_compliance.py::test_no_all_caps_prohibitions[instructions\\configurable\\engagement-gates.instructions.md] PASSED [ 92%]
tests/test_voice_compliance.py::test_no_all_caps_prohibitions[instructions\\configurable\\handoff-rejection-format.instructions.md] PASSED [ 92%]
tests/test_voice_compliance.py::test_no_all_caps_prohibitions[instructions\\configurable\\non-goals-governance.instructions.md] PASSED [ 92%]
tests/test_voice_compliance.py::test_no_all_caps_prohibitions[instructions\\configurable\\planning-compliance.instructions.md] PASSED [ 93%]
tests/test_voice_compliance.py::test_no_all_caps_prohibitions[instructions\\configurable\\planning-preflight.instructions.md] PASSED [ 93%]
tests/test_voice_compliance.py::test_no_all_caps_prohibitions[instructions\\configurable\\retro-report.instructions.md] PASSED [ 93%]
tests/test_voice_compliance.py::test_no_all_caps_prohibitions[instructions\\configurable\\security-audit.instructions.md] PASSED [ 93%]
tests/test_voice_compliance.py::test_no_all_caps_prohibitions[instructions\\configurable\\severity-levels.instructions.md] PASSED [ 93%]
tests/test_voice_compliance.py::test_no_all_caps_prohibitions[instructions\\configurable\\sprint-docs-format.instructions.md] PASSED [ 94%]
tests/test_voice_compliance.py::test_no_all_caps_prohibitions[instructions\\configurable\\validation-framework.instructions.md] PASSED [ 94%]
tests/test_voice_compliance.py::test_no_all_caps_prohibitions[instructions\\generic\\askquestions-contract.instructions.md] PASSED [ 94%]
tests/test_voice_compliance.py::test_no_all_caps_prohibitions[instructions\\generic\\batch-report.instructions.md] PASSED [ 94%]
tests/test_voice_compliance.py::test_no_all_caps_prohibitions[instructions\\generic\\commit-conventions.instructions.md] PASSED [ 95%]
tests/test_voice_compliance.py::test_no_all_caps_prohibitions[instructions\\generic\\contract-change-checklist.instructions.md] PASSED [ 95%]
tests/test_voice_compliance.py::test_no_all_caps_prohibitions[instructions\\generic\\determinism-guarantees.instructions.md] PASSED [ 95%]
tests/test_voice_compliance.py::test_no_all_caps_prohibitions[instructions\\generic\\fsm-orchestration.instructions.md] PASSED [ 95%]
tests/test_voice_compliance.py::test_no_all_caps_prohibitions[instructions\\generic\\honesty-contract.instructions.md] PASSED [ 96%]
tests/test_voice_compliance.py::test_no_all_caps_prohibitions[instructions\\generic\\observability.instructions.md] PASSED [ 96%]
tests/test_voice_compliance.py::test_no_all_caps_prohibitions[instructions\\generic\\security-model.instructions.md] PASSED [ 96%]
tests/test_voice_compliance.py::test_no_all_caps_prohibitions[instructions\\generic\\state-management.instructions.md] PASSED [ 96%]
tests/test_voice_compliance.py::test_no_all_caps_prohibitions[instructions\\generic\\subagent-return-schemas.instructions.md] PASSED [ 96%]
tests/test_voice_compliance.py::test_no_hedging_in_skills[a11y] PASSED   [ 97%]
tests/test_voice_compliance.py::test_no_hedging_in_skills[architect] PASSED [ 97%]
tests/test_voice_compliance.py::test_no_hedging_in_skills[bug] PASSED    [ 97%]
tests/test_voice_compliance.py::test_no_hedging_in_skills[docs] PASSED   [ 97%]
tests/test_voice_compliance.py::test_no_hedging_in_skills[onboarding] PASSED [ 98%]
tests/test_voice_compliance.py::test_no_hedging_in_skills[perf] PASSED   [ 98%]
tests/test_voice_compliance.py::test_no_hedging_in_skills[planner] PASSED [ 98%]
tests/test_voice_compliance.py::test_no_hedging_in_skills[pm] PASSED     [ 98%]
tests/test_voice_compliance.py::test_no_hedging_in_skills[qa] PASSED     [ 99%]
tests/test_voice_compliance.py::test_no_hedging_in_skills[researcher] PASSED [ 99%]
tests/test_voice_compliance.py::test_no_hedging_in_skills[reviewer] PASSED [ 99%]
tests/test_voice_compliance.py::test_no_hedging_in_skills[security] PASSED [ 99%]
tests/test_voice_compliance.py::test_no_hedging_in_skills[sprint-lead] PASSED [100%]

============================== warnings summary ===============================
tests/test_protocol_v1_conformance.py::test_fixture_registry_validates
  D:\VS\agent-enterprise\tests\test_protocol_v1_conformance.py:151: DeprecationWarning: jsonschema.RefResolver is deprecated as of v4.18.0, in favor of the https://github.com/python-jsonschema/referencing library, which provides more compliant referencing behavior as well as more flexible APIs for customization. A future release will remove RefResolver. Please file a feature request (on referencing) if you are missing an API for the kind of customization you need.
    resolver = jsonschema.RefResolver(

-- Docs: https://docs.pytest.org/en/stable/how-to/capture-warnings.html
================== 425 passed, 7 skipped, 1 warning in 1.45s ==================
